RMG initialization ... 1 image(s) total, 1 per node. 16 MPI processes/image. 
HIP version 60342133 detected.

device 0: AMD Instinct MI250X, 1700.0 MHz clock, 65520.0 MB memory
Thread level 2.
Warning: localized projectors selected but their diameter exceeds cell size. Switching to delocalized.

 EXTERNAL ELECTRIC FIELD INITIALIZATION 
 ====================================== 

 Electric Field: (  0.00000000,   0.00000000,   0.00000000) Ha/bohr


                     * * * * * * * * * *
                     *    R   M   G    *
                     * * * * * * * * * *

     -- A Real Space Multigrid Electronic structure code --
     --      More information at www.rmgdft.org          --

Code Revision:     7.1.0-develop-2bf6a2ed
Build Date:        Dec 28 2025  18:57:51
Start time:        Mon Dec 29 13:29:31 2025

NOTICE: RMG internal pseudopotentials have switched to
ONCVP from Ultrasoft. You can revert to Ultrasoft by
adding the input tag internal_pseudo_type="ultrasoft" to
your input files.


Files
   Control input file:        input
   Data output file:          Waves/wave.out

Run Setup
    Calculation type:         Time dependent DFT (TDDFT) calculation 
    Description:              ./cifs/Si.cif
    Orbital Initialization:   LCAO (32 LCAO and 0 random orbitals)
    Exchange Correlation:     pbe
    Spin Polarization:        OFF
    System charge:            Neutral

Processor Topology
   Total PEs:                 16
   X direction:               4
   Y direction:               2
   Z direction:               2
   MG Threads/PE:             6
   OMP Threads/PE:            7

Grid Points  (Linear Anisotropy: 1.000)
    X:  Total: 24   Per PE: 6   Spacing:0.424 a0  
    Y:  Total: 24   Per PE: 12   Spacing:0.424 a0  
    Z:  Total: 24   Per PE: 12   Spacing:0.424 a0  

    Equivalent energy cutoffs (psi,rho):    54.856    219.425 Ry

    Charge density grid:         2 times finer

Coordinate planes
  Planar Anisotropy: 1.000
  A0-A1 density:     5.558
  A0-A2 density:     5.558
  A1-A2 density:     5.558


Lattice (Cell) Setup
    Type:                       Cubic_primitive
    Volume (a0^3):               1054.98
    Boundary conditions:        Periodic

    X Basis Vector:      10.180       0.000       0.000 a0
    Y Basis Vector:       0.000      10.180       0.000 a0
    Z Basis Vector:       0.000       0.000      10.180 a0
    X Reci Vector:       0.098       0.000       0.000 a0
    Y Reci Vector:       0.000       0.098       0.000 a0
    Z Reci Vector:       0.000       0.000       0.098 a0

K-points
    Brillouin Zone sampling with 6 K-points (orbitals are complex)

         Kx      Ky        Kz     Weight in crystal unit
      0.0000     0.0000     0.0000   0.125
      0.0000     0.0000     0.5000   0.250
      0.0000     0.5000     0.5000   0.125
      0.5000     0.0000     0.0000   0.125
      0.5000     0.0000     0.5000   0.250
      0.5000     0.5000     0.5000   0.125

         Kx      Ky        Kz     Weight in 2PI/a 
      0.0000     0.0000     0.0000   0.125
      0.0000     0.0000     0.5000   0.250
      0.0000     0.5000     0.5000   0.125
      0.5000     0.0000     0.0000   0.125
      0.5000     0.0000     0.5000   0.250
      0.5000     0.5000     0.5000   0.125

Atoms and States
    Number of ions:                          8
    Number of species:                       1
    Number of states:                        35

Run Parameters
    SCF Convergence criterion (potential):   1.00e-07
    SCF Convergence criterion (energy):      1.00e-10
    Max SCF steps:                           100
    Max MD steps                             100
    Timestep for molecular dynamics:          50.00000000
    Restart data write frequency:            500 MD steps

SCF Cycle Settings
    Charge density mixing:                   Unknown charge mixing method
    Hartree Solver:                          PFFT
    Interpolation type:                      Prolong

Adaptive Interpolation
    On: cmix                                 0.673508088

Finite Difference parameters
    Kohn Sham FD Order:                      8   
    Force Gradient Order:                    8   
    Adaptive Finite Differencing:            On
    Adaptive CFAC:                           0.339661411

Subspace Diagonalization Options
    Frequency:                               every 1 SCF step(s)
    Driver:                                  ScaLapack
    Initial diagonalization:                 ON
    Folded spectrum:                         OFF

Filtering Cutoff  Parameters
    Wavefunction grid (cparm):               0.800
    Charge density grid (rhocparm):          1.000
    Filter factor:                           1.000

Multigrid (MG) Parameters
    Psi MG levels:                           3
    Psi global step:                         0.660 
    Psi pre:                                 2
    Psi post:                                2


Blas Libraries
    CPU support with Cray-libsci-parallel.
    GPU support with hipblas


Atomic Species Information
(PP = Pseudopotential, US = Ultrasoft, NC = Norm Conserving)
-------------------------------------------------------------------------
|Index|Symbol| Mass|Valence| PP |  Comp  |Local| Local|Nlocal|    PP    |
|     |      |     |       |Type|Gaussian|  l  |Radius|Radius|Functional|
-------------------------------------------------------------------------
|    1|    Si| 28.0|   4.00|  NC|    0.50|   -1|  8.38|  7.00|       PBE|
-------------------------------------------------------------------------

Pseudopotential generation information:
  Si pseudopotential file: ./@Internal
      Generation info     : Generated using ONCVPSP code by D. R. Hamann
      Author info         : anonymous


Memory usage (Mbytes):     Min        Max       Total
    wave functions         11.61      11.61     185.81
    beta-functions          5.32       5.32      85.13



Initial Ionic Positions And Displacements (Bohr)
Species      X           Y           Z           dX          dY          dZ
  Si       0.0000      0.0000      0.0000      0.0000      0.0000      0.0000
  Si       5.0900      5.0900      0.0000      0.0000      0.0000      0.0000
  Si       0.0000      5.0900      5.0900      0.0000      0.0000      0.0000
  Si       5.0900      0.0000      5.0900      0.0000      0.0000      0.0000
  Si       2.5450      2.5450      2.5450      0.0000      0.0000      0.0000
  Si       7.6350      7.6350      2.5450      0.0000      0.0000      0.0000
  Si       2.5450      7.6350      7.6350      0.0000      0.0000      0.0000
  Si       7.6350      2.5450      7.6350      0.0000      0.0000      0.0000


Initial Ionic Positions And Displacements (Angstrom)
Species      X           Y           Z           dX          dY          dZ
  Si       0.0000      0.0000      0.0000      0.0000      0.0000      0.0000
  Si       2.6935      2.6935      0.0000      0.0000      0.0000      0.0000
  Si       0.0000      2.6935      2.6935      0.0000      0.0000      0.0000
  Si       2.6935      0.0000      2.6935      0.0000      0.0000      0.0000
  Si       1.3468      1.3468      1.3468      0.0000      0.0000      0.0000
  Si       4.0403      4.0403      1.3468      0.0000      0.0000      0.0000
  Si       1.3468      4.0403      4.0403      0.0000      0.0000      0.0000
  Si       4.0403      1.3468      4.0403      0.0000      0.0000      0.0000

Diagonalization using scalapack for step=0  count=0


Diagonalization using scalapack for step=0  count=1


Diagonalization using scalapack for step=0  count=2


Diagonalization using scalapack for step=0  count=3


Diagonalization using scalapack for step=0  count=4


Diagonalization using scalapack for step=0  count=5



KOHN SHAM EIGENVALUES [eV] AT K-POINT [  0]:       0.000000      0.000000      0.000000

[kpt   0  -1   0]    -6.6819 [2.000]    -2.4517 [2.000]    -2.4517 [2.000]    -2.3144 [2.000]    -2.3144 [2.000]
[kpt   0  -1   1]    -2.3144 [2.000]    -2.3144 [2.000]     2.6509 [2.000]     2.6509 [2.000]     2.6509 [2.000]
[kpt   0  -1   2]     2.6509 [2.000]     2.6509 [2.000]     2.6509 [2.000]     5.9638 [2.000]     5.9638 [2.000]
[kpt   0  -1   3]     5.9638 [2.000]     8.6182 [0.000]     8.6182 [0.000]     8.8977 [0.000]     8.8977 [0.000]
[kpt   0  -1   4]     8.8977 [0.000]     8.9542 [0.000]     8.9542 [0.000]     8.9542 [0.000]     8.9542 [0.000]
[kpt   0  -1   5]     9.3926 [0.000]    16.7974 [0.000]    16.7974 [0.000]    16.7974 [0.000]    16.7974 [0.000]
[kpt   0  -1   6]    16.7974 [0.000]    16.7974 [0.000]    16.8793 [0.000]    20.6790 [0.000]    20.6790 [0.000]





KOHN SHAM EIGENVALUES [eV] AT K-POINT [  1]:       0.000000      0.000000      0.500000

[kpt   1  -1   0]    -5.5888 [2.000]    -5.5888 [2.000]    -2.1943 [2.000]    -2.1943 [2.000]    -2.1943 [2.000]
[kpt   1  -1   1]    -2.1943 [2.000]     1.7309 [2.000]     1.7309 [2.000]     1.7309 [2.000]     1.7309 [2.000]
[kpt   1  -1   2]     2.0524 [2.000]     2.0775 [2.000]     3.7121 [2.000]     3.7121 [2.000]     3.7121 [2.000]
[kpt   1  -1   3]     3.7121 [2.000]     8.0247 [0.000]     8.0248 [0.000]    10.9983 [0.000]    11.7586 [0.000]
[kpt   1  -1   4]    12.8224 [0.000]    12.8224 [0.000]    12.8224 [0.000]    12.8224 [0.000]    13.0928 [0.000]
[kpt   1  -1   5]    13.0928 [0.000]    13.0928 [0.000]    13.0928 [0.000]    14.5708 [0.000]    14.5708 [0.000]
[kpt   1  -1   6]    14.5708 [0.000]    14.5708 [0.000]    15.5673 [0.000]    20.3049 [0.000]    20.3050 [0.000]





KOHN SHAM EIGENVALUES [eV] AT K-POINT [  2]:       0.000000      0.500000      0.500000

[kpt   2  -1   0]    -4.5939 [2.000]    -4.5939 [2.000]    -4.4545 [2.000]    -4.4545 [2.000]     0.0391 [2.000]
[kpt   2  -1   1]     0.0397 [2.000]     0.0397 [2.000]     0.0397 [2.000]     1.7828 [2.000]     1.7828 [2.000]
[kpt   2  -1   2]     1.8790 [2.000]     1.8790 [2.000]     4.2941 [2.000]     4.2941 [2.000]     4.2942 [2.000]
[kpt   2  -1   3]     4.2942 [2.000]     9.2276 [0.000]     9.8442 [0.000]     9.8442 [0.000]     9.8442 [0.000]
[kpt   2  -1   4]    11.8786 [0.000]    11.8787 [0.000]    11.8787 [0.000]    11.8787 [0.000]    13.8799 [0.000]
[kpt   2  -1   5]    13.8800 [0.000]    13.8828 [0.000]    13.8828 [0.000]    14.3090 [0.000]    15.1021 [0.000]
[kpt   2  -1   6]    15.1022 [0.000]    15.1022 [0.000]    19.7819 [0.000]    19.7820 [0.000]    20.1872 [0.000]





KOHN SHAM EIGENVALUES [eV] AT K-POINT [  3]:       0.500000      0.000000      0.000000

[kpt   3  -1   0]    -5.5888 [2.000]    -5.4162 [2.000]    -2.2179 [2.000]    -2.2179 [2.000]    -2.1943 [2.000]
[kpt   3  -1   1]    -2.1943 [2.000]     1.7032 [2.000]     1.7032 [2.000]     1.7309 [2.000]     1.7309 [2.000]
[kpt   3  -1   2]     2.0775 [2.000]     2.0776 [2.000]     3.7121 [2.000]     3.7121 [2.000]     3.7121 [2.000]
[kpt   3  -1   3]     3.7121 [2.000]     8.0247 [0.000]     8.0592 [0.000]    11.7585 [0.000]    11.7586 [0.000]
[kpt   3  -1   4]    12.2601 [0.000]    12.2601 [0.000]    12.8224 [0.000]    12.8224 [0.000]    13.0928 [0.000]
[kpt   3  -1   5]    13.0928 [0.000]    13.0928 [0.000]    13.0928 [0.000]    13.3748 [0.000]    13.3748 [0.000]
[kpt   3  -1   6]    14.5708 [0.000]    14.5708 [0.000]    20.3050 [0.000]    21.7351 [0.000]    21.7351 [0.000]





KOHN SHAM EIGENVALUES [eV] AT K-POINT [  4]:       0.500000      0.000000      0.500000

[kpt   4  -1   0]    -4.5939 [2.000]    -4.5939 [2.000]    -4.4545 [2.000]    -4.4545 [2.000]     0.0391 [2.000]
[kpt   4  -1   1]     0.0397 [2.000]     0.0397 [2.000]     0.0397 [2.000]     1.7828 [2.000]     1.7828 [2.000]
[kpt   4  -1   2]     1.8790 [2.000]     1.8790 [2.000]     4.2941 [2.000]     4.2941 [2.000]     4.2942 [2.000]
[kpt   4  -1   3]     4.2942 [2.000]     9.2276 [0.000]     9.8442 [0.000]     9.8442 [0.000]     9.8442 [0.000]
[kpt   4  -1   4]    11.8786 [0.000]    11.8787 [0.000]    11.8787 [0.000]    11.8787 [0.000]    13.8799 [0.000]
[kpt   4  -1   5]    13.8800 [0.000]    13.8828 [0.000]    13.8828 [0.000]    14.3090 [0.000]    15.1021 [0.000]
[kpt   4  -1   6]    15.1022 [0.000]    15.1022 [0.000]    19.7819 [0.000]    19.7820 [0.000]    20.1872 [0.000]





KOHN SHAM EIGENVALUES [eV] AT K-POINT [  5]:       0.500000      0.500000      0.500000

[kpt   5  -1   0]    -4.2490 [2.000]    -4.2480 [2.000]    -4.2127 [2.000]    -4.2127 [2.000]    -1.4473 [2.000]
[kpt   5  -1   1]    -1.4327 [2.000]    -1.3019 [2.000]    -1.3019 [2.000]     4.4179 [2.000]     4.4195 [2.000]
[kpt   5  -1   2]     4.4195 [2.000]     4.4195 [2.000]     4.4195 [2.000]     4.4195 [2.000]     4.4195 [2.000]
[kpt   5  -1   3]     4.4195 [2.000]     8.2146 [0.000]     8.3999 [0.000]     8.4260 [0.000]     8.4260 [0.000]
[kpt   5  -1   4]    10.7898 [0.000]    11.3867 [0.000]    11.3867 [0.000]    11.3867 [0.000]    11.3867 [0.000]
[kpt   5  -1   5]    11.3867 [0.000]    11.3867 [0.000]    11.3867 [0.000]    16.2556 [0.000]    16.7618 [0.000]
[kpt   5  -1   6]    18.9772 [0.000]    18.9772 [0.000]    20.8687 [0.000]    23.5288 [0.000]    24.5406 [0.000]



spinup:  valence band maximum = 5.963835 eV, conduction band minumm = 8.024736 eV
spinup:  Band gap = 2.060901 eV
WriteRestart: Restart file Waves/wave.out_init opened...
WriteData: total size of each of the 16 files = 1.4 Mb
WriteData: writing took 0.0 seconds, writing speed 60.239 Mbps 
WriteRestart: writing took 0.0 seconds 

Diagonalization using scalapack for step=0  count=6


Diagonalization using scalapack for step=0  count=7


Diagonalization using scalapack for step=0  count=8


Diagonalization using scalapack for step=0  count=9


Diagonalization using scalapack for step=0  count=10


Diagonalization using scalapack for step=0  count=11


FERMI ENERGY =      5.85141164 eV
@@ EIGENVALUE SUM     =        0.338191 Ha
@@ ION_ION            =      -33.865921 Ha
@@ ELECTROSTATIC      =       -0.856473 Ha
@@ VXC                =      -12.280784 Ha
@@ EXC                =       -9.433262 Ha
@@ TOTAL ENERGY       =      -31.536681 Ha
@@ estimated error    =   ****************
Charge density mixing: Broyden
WriteRestart: Restart file Waves/wave.out opened...
WriteData: total size of each of the 16 files = 1.5 Mb
WriteData: writing took 0.0 seconds, writing speed 63.846 Mbps 
WriteRestart: writing took 0.0 seconds 


KOHN SHAM EIGENVALUES [eV] AT K-POINT [  0]:       0.000000      0.000000      0.000000

[kpt   0   0   0]    -6.7170 [2.000]    -2.5404 [2.000]    -2.5403 [2.000]    -2.5375 [2.000]    -2.5375 [2.000]
[kpt   0   0   1]    -2.5373 [2.000]    -2.5373 [2.000]     2.5095 [2.000]     2.5095 [2.000]     2.5095 [2.000]
[kpt   0   0   2]     2.5095 [2.000]     2.5095 [2.000]     2.5095 [2.000]     5.3074 [2.000]     5.3074 [2.000]
[kpt   0   0   3]     5.3074 [2.000]     6.3984 [0.000]     6.4041 [0.000]     6.4364 [0.000]     6.4368 [0.000]
[kpt   0   0   4]     6.4460 [0.000]     6.4484 [0.000]     8.0855 [0.000]     8.0855 [0.000]     8.0855 [0.000]
[kpt   0   0   5]     8.8979 [0.000]    13.7391 [0.000]    15.7347 [0.000]    15.7347 [0.000]    15.7347 [0.000]
[kpt   0   0   6]    15.7347 [0.000]    15.7347 [0.000]    15.7347 [0.000]    18.9933 [0.000]    19.0231 [0.000]





KOHN SHAM EIGENVALUES [eV] AT K-POINT [  1]:       0.000000      0.000000      0.500000

[kpt   1   0   0]    -5.6262 [2.000]    -5.6257 [2.000]    -2.3788 [2.000]    -2.3788 [2.000]    -2.3787 [2.000]
[kpt   1   0   1]    -2.3786 [2.000]     1.5441 [2.000]     1.5441 [2.000]     1.5442 [2.000]     1.5442 [2.000]
[kpt   1   0   2]     1.7871 [2.000]     1.7933 [2.000]     3.4715 [2.000]     3.4731 [2.000]     3.4759 [2.000]
[kpt   1   0   3]     3.4763 [2.000]     6.7272 [0.000]     6.7443 [0.000]     8.8816 [0.000]    10.0521 [0.000]
[kpt   1   0   4]    10.7888 [0.000]    10.7908 [0.000]    10.8106 [0.000]    10.8118 [0.000]    10.9520 [0.000]
[kpt   1   0   5]    10.9530 [0.000]    10.9705 [0.000]    10.9713 [0.000]    11.3443 [0.000]    11.3500 [0.000]
[kpt   1   0   6]    11.3935 [0.000]    11.3963 [0.000]    13.8316 [0.000]    17.2379 [0.000]    17.2602 [0.000]





KOHN SHAM EIGENVALUES [eV] AT K-POINT [  2]:       0.000000      0.500000      0.500000

[kpt   2   0   0]    -4.6589 [2.000]    -4.6580 [2.000]    -4.6563 [2.000]    -4.6555 [2.000]    -0.1693 [2.000]
[kpt   2   0   1]    -0.1656 [2.000]    -0.1653 [2.000]    -0.1633 [2.000]     1.6422 [2.000]     1.6445 [2.000]
[kpt   2   0   2]     1.6484 [2.000]     1.6503 [2.000]     4.0098 [2.000]     4.0099 [2.000]     4.0106 [2.000]
[kpt   2   0   3]     4.0106 [2.000]     8.1282 [0.000]     8.1407 [0.000]     8.1496 [0.000]     8.1630 [0.000]
[kpt   2   0   4]    10.3719 [0.000]    10.3867 [0.000]    10.4466 [0.000]    10.4868 [0.000]    11.2623 [0.000]
[kpt   2   0   5]    11.2664 [0.000]    11.4064 [0.000]    11.5188 [0.000]    12.0043 [0.000]    12.2387 [0.000]
[kpt   2   0   6]    12.2455 [0.000]    12.2750 [0.000]    16.0537 [0.000]    16.2399 [0.000]    16.4763 [0.000]





KOHN SHAM EIGENVALUES [eV] AT K-POINT [  3]:       0.500000      0.000000      0.000000

[kpt   3   0   0]    -5.6257 [2.000]    -5.6230 [2.000]    -2.3801 [2.000]    -2.3798 [2.000]    -2.3789 [2.000]
[kpt   3   0   1]    -2.3787 [2.000]     1.5441 [2.000]     1.5442 [2.000]     1.5482 [2.000]     1.5483 [2.000]
[kpt   3   0   2]     1.7865 [2.000]     1.7871 [2.000]     3.4722 [2.000]     3.4725 [2.000]     3.4749 [2.000]
[kpt   3   0   3]     3.4754 [2.000]     6.7377 [0.000]     6.7443 [0.000]     9.7066 [0.000]    10.0433 [0.000]
[kpt   3   0   4]    10.0456 [0.000]    10.0520 [0.000]    10.7847 [0.000]    10.8134 [0.000]    10.8782 [0.000]
[kpt   3   0   5]    10.9038 [0.000]    10.9595 [0.000]    10.9641 [0.000]    11.3524 [0.000]    11.3743 [0.000]
[kpt   3   0   6]    11.4907 [0.000]    11.5012 [0.000]    17.2603 [0.000]    17.6151 [0.000]    17.6541 [0.000]





KOHN SHAM EIGENVALUES [eV] AT K-POINT [  4]:       0.500000      0.000000      0.500000

[kpt   4   0   0]    -4.6589 [2.000]    -4.6580 [2.000]    -4.6563 [2.000]    -4.6555 [2.000]    -0.1693 [2.000]
[kpt   4   0   1]    -0.1656 [2.000]    -0.1653 [2.000]    -0.1633 [2.000]     1.6422 [2.000]     1.6445 [2.000]
[kpt   4   0   2]     1.6484 [2.000]     1.6504 [2.000]     4.0093 [2.000]     4.0097 [2.000]     4.0106 [2.000]
[kpt   4   0   3]     4.0108 [2.000]     8.1281 [0.000]     8.1406 [0.000]     8.1495 [0.000]     8.1632 [0.000]
[kpt   4   0   4]    10.3695 [0.000]    10.3849 [0.000]    10.4462 [0.000]    10.4865 [0.000]    11.2624 [0.000]
[kpt   4   0   5]    11.2663 [0.000]    11.4070 [0.000]    11.5186 [0.000]    12.0043 [0.000]    12.2387 [0.000]
[kpt   4   0   6]    12.2459 [0.000]    12.2746 [0.000]    16.0542 [0.000]    16.2397 [0.000]    16.4766 [0.000]





KOHN SHAM EIGENVALUES [eV] AT K-POINT [  5]:       0.500000      0.500000      0.500000

[kpt   5   0   0]    -4.3765 [2.000]    -4.3756 [2.000]    -4.3756 [2.000]    -4.3745 [2.000]    -1.6273 [2.000]
[kpt   5   0   1]    -1.6269 [2.000]    -1.6199 [2.000]    -1.6199 [2.000]     4.1378 [2.000]     4.1378 [2.000]
[kpt   5   0   2]     4.1379 [2.000]     4.1385 [2.000]     4.1386 [2.000]     4.1389 [2.000]     4.1389 [2.000]
[kpt   5   0   3]     4.1444 [2.000]     7.1638 [0.000]     7.2008 [0.000]     7.2035 [0.000]     7.2036 [0.000]
[kpt   5   0   4]     9.1951 [0.000]     9.2061 [0.000]     9.2596 [0.000]     9.3039 [0.000]     9.3039 [0.000]
[kpt   5   0   5]     9.3040 [0.000]     9.3160 [0.000]     9.3162 [0.000]    14.1344 [0.000]    14.3044 [0.000]
[kpt   5   0   6]    17.8888 [0.000]    18.1389 [0.000]    18.1401 [0.000]    18.6807 [0.000]    18.7371 [0.000]



spinup:  valence band maximum = 5.307365 eV, conduction band minumm = 6.398427 eV
spinup:  Band gap = 1.091062 eV

Total charge in supercell =      32.00000243

 Vdd took 0.002472 seconds


VORONOI DEFORMATION DENSITY PARTIAL CHARGES 

      Ion  Species      Charge
       1     Si           0.006
       2     Si          -0.001
       3     Si          -0.003
       4     Si          -0.005
       5     Si           0.004
       6     Si           0.001
       7     Si          -0.001
       8     Si          -0.002
 quench: [md:   0/100  scf:   0/100  step time:   0.37  scf time:     0.40 secs  RMS[dV]: ******** ]


average potential <V> = 1.93e-03

Diagonalization using scalapack for step=1  count=12


Diagonalization using scalapack for step=1  count=13


Diagonalization using scalapack for step=1  count=14


Diagonalization using scalapack for step=1  count=15


Diagonalization using scalapack for step=1  count=16


Diagonalization using scalapack for step=1  count=17


FERMI ENERGY =      5.98967200 eV
@@ EIGENVALUE SUM     =        0.661603 Ha
@@ ION_ION            =      -33.865921 Ha
@@ ELECTROSTATIC      =       -1.205523 Ha
@@ VXC                =      -12.461459 Ha
@@ EXC                =       -9.575384 Ha
@@ TOTAL ENERGY       =      -31.523766 Ha
@@ estimated error    =        1.20e-01 Ha
Charge density mixing: Broyden
 quench: [md:   0/100  scf:   1/100  step time:   0.32  scf time:     0.72 secs  RMS[dV]: 3.39e-02 ]


average potential <V> = 1.37e-03

Diagonalization using scalapack for step=2  count=18


Diagonalization using scalapack for step=2  count=19


Diagonalization using scalapack for step=2  count=20


Diagonalization using scalapack for step=2  count=21


Diagonalization using scalapack for step=2  count=22


Diagonalization using scalapack for step=2  count=23


FERMI ENERGY =      6.17165835 eV
@@ EIGENVALUE SUM     =        0.904973 Ha
@@ ION_ION            =      -33.865921 Ha
@@ ELECTROSTATIC      =       -1.479676 Ha
@@ VXC                =      -12.621543 Ha
@@ EXC                =       -9.702302 Ha
@@ TOTAL ENERGY       =      -31.521382 Ha
@@ estimated error    =        2.33e-02 Ha
Charge density mixing: Broyden
 quench: [md:   0/100  scf:   2/100  step time:   0.30  scf time:     1.02 secs  RMS[dV]: 1.52e-02 ]


average potential <V> = 1.24e-04

Diagonalization using scalapack for step=3  count=24


Diagonalization using scalapack for step=3  count=25


Diagonalization using scalapack for step=3  count=26


Diagonalization using scalapack for step=3  count=27


Diagonalization using scalapack for step=3  count=28


Diagonalization using scalapack for step=3  count=29


FERMI ENERGY =      6.17392799 eV
@@ EIGENVALUE SUM     =        0.902663 Ha
@@ ION_ION            =      -33.865921 Ha
@@ ELECTROSTATIC      =       -1.478317 Ha
@@ VXC                =      -12.626160 Ha
@@ EXC                =       -9.706163 Ha
@@ TOTAL ENERGY       =      -31.521577 Ha
@@ estimated error    =        3.17e-04 Ha
Charge density mixing: Broyden
 quench: [md:   0/100  scf:   3/100  step time:   0.31  scf time:     1.32 secs  RMS[dV]: 2.36e-03 ]


average potential <V> = 1.87e-05

Diagonalization using scalapack for step=4  count=30


Diagonalization using scalapack for step=4  count=31


Diagonalization using scalapack for step=4  count=32


Diagonalization using scalapack for step=4  count=33


Diagonalization using scalapack for step=4  count=34


Diagonalization using scalapack for step=4  count=35


FERMI ENERGY =      6.17618329 eV
@@ EIGENVALUE SUM     =        0.904659 Ha
@@ ION_ION            =      -33.865921 Ha
@@ ELECTROSTATIC      =       -1.480697 Ha
@@ VXC                =      -12.628141 Ha
@@ EXC                =       -9.707776 Ha
@@ TOTAL ENERGY       =      -31.521593 Ha
@@ estimated error    =        4.96e-06 Ha
Charge density mixing: Broyden
 quench: [md:   0/100  scf:   4/100  step time:   0.31  scf time:     1.63 secs  RMS[dV]: 4.59e-04 ]


average potential <V> = 4.28e-06

Diagonalization using scalapack for step=5  count=36


Diagonalization using scalapack for step=5  count=37


Diagonalization using scalapack for step=5  count=38


Diagonalization using scalapack for step=5  count=39


Diagonalization using scalapack for step=5  count=40


Diagonalization using scalapack for step=5  count=41


FERMI ENERGY =      6.17618811 eV
@@ EIGENVALUE SUM     =        0.904234 Ha
@@ ION_ION            =      -33.865921 Ha
@@ ELECTROSTATIC      =       -1.480220 Ha
@@ VXC                =      -12.627961 Ha
@@ EXC                =       -9.707649 Ha
@@ TOTAL ENERGY       =      -31.521594 Ha
@@ estimated error    =        1.86e-07 Ha
Charge density mixing: Broyden


KOHN SHAM EIGENVALUES [eV] AT K-POINT [  0]:       0.000000      0.000000      0.000000

[kpt   0   5   0]    -6.2558 [2.000]    -2.0206 [2.000]    -2.0206 [2.000]    -2.0206 [2.000]    -2.0206 [2.000]
[kpt   0   5   1]    -2.0206 [2.000]    -2.0206 [2.000]     2.9652 [2.000]     2.9652 [2.000]     2.9652 [2.000]
[kpt   0   5   2]     2.9652 [2.000]     2.9652 [2.000]     2.9652 [2.000]     5.8801 [1.999]     5.8801 [1.999]
[kpt   0   5   3]     5.8801 [1.999]     6.5000 [0.001]     6.5000 [0.001]     6.5000 [0.001]     6.5000 [0.001]
[kpt   0   5   4]     6.5000 [0.001]     6.5000 [0.001]     8.4292 [0.000]     8.4292 [0.000]     8.4292 [0.000]
[kpt   0   5   5]     9.4964 [0.000]    13.9081 [0.000]    16.1764 [0.000]    16.1764 [0.000]    16.1764 [0.000]
[kpt   0   5   6]    16.1764 [0.000]    16.1764 [0.000]    16.1764 [0.000]    19.2092 [0.000]    19.2093 [0.000]





KOHN SHAM EIGENVALUES [eV] AT K-POINT [  1]:       0.000000      0.000000      0.500000

[kpt   1   5   0]    -5.1509 [2.000]    -5.1507 [2.000]    -1.8448 [2.000]    -1.8448 [2.000]    -1.8447 [2.000]
[kpt   1   5   1]    -1.8447 [2.000]     1.9167 [2.000]     1.9167 [2.000]     1.9167 [2.000]     1.9167 [2.000]
[kpt   1   5   2]     2.3638 [2.000]     2.3639 [2.000]     3.9444 [2.000]     3.9444 [2.000]     3.9444 [2.000]
[kpt   1   5   3]     3.9444 [2.000]     6.9552 [0.000]     6.9553 [0.000]     8.9571 [0.000]     8.9675 [0.000]
[kpt   1   5   4]    10.1062 [0.000]    10.1064 [0.000]    10.1065 [0.000]    10.1066 [0.000]    10.9308 [0.000]
[kpt   1   5   5]    10.9309 [0.000]    10.9309 [0.000]    10.9309 [0.000]    11.6860 [0.000]    11.6860 [0.000]
[kpt   1   5   6]    11.6861 [0.000]    11.6863 [0.000]    14.1422 [0.000]    17.4565 [0.000]    17.4566 [0.000]





KOHN SHAM EIGENVALUES [eV] AT K-POINT [  2]:       0.000000      0.500000      0.500000

[kpt   2   5   0]    -4.1647 [2.000]    -4.1647 [2.000]    -4.1647 [2.000]    -4.1645 [2.000]     0.3507 [2.000]
[kpt   2   5   1]     0.3507 [2.000]     0.3507 [2.000]     0.3507 [2.000]     2.0265 [2.000]     2.0265 [2.000]
[kpt   2   5   2]     2.0265 [2.000]     2.0265 [2.000]     4.5270 [2.000]     4.5270 [2.000]     4.5270 [2.000]
[kpt   2   5   3]     4.5271 [2.000]     8.3045 [0.000]     8.3045 [0.000]     8.3047 [0.000]     8.3048 [0.000]
[kpt   2   5   4]    10.6881 [0.000]    10.6881 [0.000]    10.6881 [0.000]    10.6882 [0.000]    11.0325 [0.000]
[kpt   2   5   5]    11.0325 [0.000]    11.0332 [0.000]    11.0355 [0.000]    12.1247 [0.000]    12.1258 [0.000]
[kpt   2   5   6]    12.1274 [0.000]    12.1293 [0.000]    12.2470 [0.000]    15.6259 [0.000]    15.6262 [0.000]





KOHN SHAM EIGENVALUES [eV] AT K-POINT [  3]:       0.500000      0.000000      0.000000

[kpt   3   5   0]    -5.1509 [2.000]    -5.1507 [2.000]    -1.8448 [2.000]    -1.8448 [2.000]    -1.8447 [2.000]
[kpt   3   5   1]    -1.8447 [2.000]     1.9167 [2.000]     1.9167 [2.000]     1.9167 [2.000]     1.9167 [2.000]
[kpt   3   5   2]     2.3638 [2.000]     2.3639 [2.000]     3.9444 [2.000]     3.9444 [2.000]     3.9444 [2.000]
[kpt   3   5   3]     3.9444 [2.000]     6.9552 [0.000]     6.9553 [0.000]     8.9615 [0.000]     8.9689 [0.000]
[kpt   3   5   4]    10.1056 [0.000]    10.1057 [0.000]    10.1060 [0.000]    10.1061 [0.000]    10.9308 [0.000]
[kpt   3   5   5]    10.9310 [0.000]    10.9310 [0.000]    10.9310 [0.000]    11.6860 [0.000]    11.6860 [0.000]
[kpt   3   5   6]    11.6872 [0.000]    11.6872 [0.000]    16.5537 [0.000]    16.5548 [0.000]    17.4566 [0.000]





KOHN SHAM EIGENVALUES [eV] AT K-POINT [  4]:       0.500000      0.000000      0.500000

[kpt   4   5   0]    -4.1647 [2.000]    -4.1647 [2.000]    -4.1647 [2.000]    -4.1645 [2.000]     0.3507 [2.000]
[kpt   4   5   1]     0.3507 [2.000]     0.3507 [2.000]     0.3507 [2.000]     2.0265 [2.000]     2.0265 [2.000]
[kpt   4   5   2]     2.0265 [2.000]     2.0265 [2.000]     4.5270 [2.000]     4.5270 [2.000]     4.5270 [2.000]
[kpt   4   5   3]     4.5270 [2.000]     8.3045 [0.000]     8.3045 [0.000]     8.3047 [0.000]     8.3048 [0.000]
[kpt   4   5   4]    10.6881 [0.000]    10.6881 [0.000]    10.6881 [0.000]    10.6882 [0.000]    11.0325 [0.000]
[kpt   4   5   5]    11.0325 [0.000]    11.0353 [0.000]    11.0382 [0.000]    12.1248 [0.000]    12.1273 [0.000]
[kpt   4   5   6]    12.1275 [0.000]    12.1291 [0.000]    12.2578 [0.000]    15.6258 [0.000]    15.6259 [0.000]





KOHN SHAM EIGENVALUES [eV] AT K-POINT [  5]:       0.500000      0.500000      0.500000

[kpt   5   5   0]    -3.8609 [2.000]    -3.8609 [2.000]    -3.8608 [2.000]    -3.8607 [2.000]    -1.2128 [2.000]
[kpt   5   5   1]    -1.2128 [2.000]    -1.2128 [2.000]    -1.2128 [2.000]     4.6641 [2.000]     4.6641 [2.000]
[kpt   5   5   2]     4.6641 [2.000]     4.6641 [2.000]     4.6641 [2.000]     4.6641 [2.000]     4.6641 [2.000]
[kpt   5   5   3]     4.6641 [2.000]     7.4697 [0.000]     7.4699 [0.000]     7.4700 [0.000]     7.4700 [0.000]
[kpt   5   5   4]     9.1660 [0.000]     9.1660 [0.000]     9.1661 [0.000]     9.1663 [0.000]     9.1663 [0.000]
[kpt   5   5   5]     9.1674 [0.000]     9.1674 [0.000]     9.1674 [0.000]    13.6352 [0.000]    13.6528 [0.000]
[kpt   5   5   6]    17.3295 [0.000]    18.7276 [0.000]    19.0523 [0.000]    19.0793 [0.000]    19.1136 [0.000]



spinup:  valence band maximum = 5.880146 eV, conduction band minumm = 6.499960 eV
spinup:  Band gap = 0.619814 eV

Total charge in supercell =      32.00004467
 quench: [md:   0/100  scf:   5/100  step time:   0.30  scf time:     1.93 secs  RMS[dV]: 1.73e-04 ]


average potential <V> = 2.06e-06

Diagonalization using scalapack for step=6  count=42


Diagonalization using scalapack for step=6  count=43


Diagonalization using scalapack for step=6  count=44


Diagonalization using scalapack for step=6  count=45


Diagonalization using scalapack for step=6  count=46


Diagonalization using scalapack for step=6  count=47


FERMI ENERGY =      6.17642989 eV
@@ EIGENVALUE SUM     =        0.904581 Ha
@@ ION_ION            =      -33.865921 Ha
@@ ELECTROSTATIC      =       -1.480602 Ha
@@ VXC                =      -12.628122 Ha
@@ EXC                =       -9.707775 Ha
@@ TOTAL ENERGY       =      -31.521595 Ha
@@ estimated error    =        6.86e-08 Ha
Charge density mixing: Broyden
 quench: [md:   0/100  scf:   6/100  step time:   0.30  scf time:     2.22 secs  RMS[dV]: 2.49e-05 ]


average potential <V> = 3.32e-07

Diagonalization using scalapack for step=7  count=48


Diagonalization using scalapack for step=7  count=49


Diagonalization using scalapack for step=7  count=50


Diagonalization using scalapack for step=7  count=51


Diagonalization using scalapack for step=7  count=52


Diagonalization using scalapack for step=7  count=53


FERMI ENERGY =      6.17645451 eV
@@ EIGENVALUE SUM     =        0.904633 Ha
@@ ION_ION            =      -33.865921 Ha
@@ ELECTROSTATIC      =       -1.480659 Ha
@@ VXC                =      -12.628146 Ha
@@ EXC                =       -9.707793 Ha
@@ TOTAL ENERGY       =      -31.521595 Ha
@@ estimated error    =        2.35e-09 Ha
Charge density mixing: Broyden
 quench: [md:   0/100  scf:   7/100  step time:   0.31  scf time:     2.53 secs  RMS[dV]: 4.96e-06 ]


average potential <V> = 2.74e-07

Diagonalization using scalapack for step=8  count=54


Diagonalization using scalapack for step=8  count=55


Diagonalization using scalapack for step=8  count=56


Diagonalization using scalapack for step=8  count=57


Diagonalization using scalapack for step=8  count=58


Diagonalization using scalapack for step=8  count=59


FERMI ENERGY =      6.17647058 eV
@@ EIGENVALUE SUM     =        0.904665 Ha
@@ ION_ION            =      -33.865921 Ha
@@ ELECTROSTATIC      =       -1.480696 Ha
@@ VXC                =      -12.628160 Ha
@@ EXC                =       -9.707804 Ha
@@ TOTAL ENERGY       =      -31.521595 Ha
@@ estimated error    =        4.45e-10 Ha
Charge density mixing: Broyden
 quench: [md:   0/100  scf:   8/100  step time:   0.32  scf time:     2.85 secs  RMS[dV]: 5.32e-06 ]


average potential <V> = 1.43e-07

Diagonalization using scalapack for step=9  count=60


Diagonalization using scalapack for step=9  count=61


Diagonalization using scalapack for step=9  count=62


Diagonalization using scalapack for step=9  count=63


Diagonalization using scalapack for step=9  count=64


Diagonalization using scalapack for step=9  count=65


FERMI ENERGY =      6.17645264 eV
@@ EIGENVALUE SUM     =        0.904640 Ha
@@ ION_ION            =      -33.865921 Ha
@@ ELECTROSTATIC      =       -1.480668 Ha
@@ VXC                =      -12.628146 Ha
@@ EXC                =       -9.707793 Ha
@@ TOTAL ENERGY       =      -31.521595 Ha
@@ estimated error    =        3.93e-10 Ha
Charge density mixing: Broyden
 quench: [md:   0/100  scf:   9/100  step time:   0.30  scf time:     3.15 secs  RMS[dV]: 2.37e-06 ]



 Convergence criterion reached: Energy variation (1.90e-11) is lower than threshold (1.00e-10)

potential convergence has been achieved. stopping ...

[   0  10   10       12 ] common_prototypes1.h: 
final total energy from eig sum =     -31.52159526 Ha


KOHN SHAM EIGENVALUES [eV] AT K-POINT [  0]:       0.000000      0.000000      0.000000

[kpt   0  10   0]    -6.2554 [2.000]    -2.0202 [2.000]    -2.0202 [2.000]    -2.0202 [2.000]    -2.0202 [2.000]
[kpt   0  10   1]    -2.0202 [2.000]    -2.0202 [2.000]     2.9656 [2.000]     2.9656 [2.000]     2.9656 [2.000]
[kpt   0  10   2]     2.9656 [2.000]     2.9656 [2.000]     2.9656 [2.000]     5.8806 [1.999]     5.8806 [1.999]
[kpt   0  10   3]     5.8806 [1.999]     6.5001 [0.001]     6.5001 [0.001]     6.5001 [0.001]     6.5001 [0.001]
[kpt   0  10   4]     6.5001 [0.001]     6.5001 [0.001]     8.4294 [0.000]     8.4294 [0.000]     8.4294 [0.000]
[kpt   0  10   5]     9.4968 [0.000]    13.9081 [0.000]    16.1768 [0.000]    16.1768 [0.000]    16.1768 [0.000]
[kpt   0  10   6]    16.1768 [0.000]    16.1768 [0.000]    16.1768 [0.000]    19.2095 [0.000]    19.2095 [0.000]





KOHN SHAM EIGENVALUES [eV] AT K-POINT [  1]:       0.000000      0.000000      0.500000

[kpt   1  10   0]    -5.1506 [2.000]    -5.1504 [2.000]    -1.8443 [2.000]    -1.8443 [2.000]    -1.8443 [2.000]
[kpt   1  10   1]    -1.8443 [2.000]     1.9169 [2.000]     1.9169 [2.000]     1.9169 [2.000]     1.9169 [2.000]
[kpt   1  10   2]     2.3643 [2.000]     2.3644 [2.000]     3.9447 [2.000]     3.9447 [2.000]     3.9448 [2.000]
[kpt   1  10   3]     3.9448 [2.000]     6.9553 [0.000]     6.9554 [0.000]     8.9572 [0.000]     8.9573 [0.000]
[kpt   1  10   4]    10.1058 [0.000]    10.1058 [0.000]    10.1058 [0.000]    10.1058 [0.000]    10.9309 [0.000]
[kpt   1  10   5]    10.9309 [0.000]    10.9309 [0.000]    10.9309 [0.000]    11.6863 [0.000]    11.6863 [0.000]
[kpt   1  10   6]    11.6864 [0.000]    11.6864 [0.000]    14.1424 [0.000]    17.4565 [0.000]    17.4566 [0.000]





KOHN SHAM EIGENVALUES [eV] AT K-POINT [  2]:       0.000000      0.500000      0.500000

[kpt   2  10   0]    -4.1643 [2.000]    -4.1643 [2.000]    -4.1643 [2.000]    -4.1642 [2.000]     0.3511 [2.000]
[kpt   2  10   1]     0.3511 [2.000]     0.3511 [2.000]     0.3511 [2.000]     2.0267 [2.000]     2.0267 [2.000]
[kpt   2  10   2]     2.0267 [2.000]     2.0268 [2.000]     4.5274 [2.000]     4.5274 [2.000]     4.5274 [2.000]
[kpt   2  10   3]     4.5274 [2.000]     8.3047 [0.000]     8.3047 [0.000]     8.3048 [0.000]     8.3048 [0.000]
[kpt   2  10   4]    10.6883 [0.000]    10.6884 [0.000]    10.6884 [0.000]    10.6884 [0.000]    11.0325 [0.000]
[kpt   2  10   5]    11.0326 [0.000]    11.0327 [0.000]    11.0327 [0.000]    12.1247 [0.000]    12.1247 [0.000]
[kpt   2  10   6]    12.1249 [0.000]    12.1253 [0.000]    12.2439 [0.000]    15.6138 [0.000]    15.6145 [0.000]





KOHN SHAM EIGENVALUES [eV] AT K-POINT [  3]:       0.500000      0.000000      0.000000

[kpt   3  10   0]    -5.1506 [2.000]    -5.1504 [2.000]    -1.8443 [2.000]    -1.8443 [2.000]    -1.8443 [2.000]
[kpt   3  10   1]    -1.8443 [2.000]     1.9169 [2.000]     1.9169 [2.000]     1.9169 [2.000]     1.9169 [2.000]
[kpt   3  10   2]     2.3643 [2.000]     2.3644 [2.000]     3.9447 [2.000]     3.9447 [2.000]     3.9448 [2.000]
[kpt   3  10   3]     3.9448 [2.000]     6.9553 [0.000]     6.9554 [0.000]     8.9573 [0.000]     8.9576 [0.000]
[kpt   3  10   4]    10.1058 [0.000]    10.1058 [0.000]    10.1058 [0.000]    10.1058 [0.000]    10.9309 [0.000]
[kpt   3  10   5]    10.9309 [0.000]    10.9309 [0.000]    10.9309 [0.000]    11.6863 [0.000]    11.6863 [0.000]
[kpt   3  10   6]    11.6864 [0.000]    11.6864 [0.000]    16.5511 [0.000]    16.5514 [0.000]    17.4566 [0.000]





KOHN SHAM EIGENVALUES [eV] AT K-POINT [  4]:       0.500000      0.000000      0.500000

[kpt   4  10   0]    -4.1643 [2.000]    -4.1643 [2.000]    -4.1643 [2.000]    -4.1642 [2.000]     0.3511 [2.000]
[kpt   4  10   1]     0.3511 [2.000]     0.3511 [2.000]     0.3511 [2.000]     2.0267 [2.000]     2.0267 [2.000]
[kpt   4  10   2]     2.0267 [2.000]     2.0268 [2.000]     4.5274 [2.000]     4.5274 [2.000]     4.5274 [2.000]
[kpt   4  10   3]     4.5274 [2.000]     8.3047 [0.000]     8.3047 [0.000]     8.3048 [0.000]     8.3048 [0.000]
[kpt   4  10   4]    10.6883 [0.000]    10.6884 [0.000]    10.6884 [0.000]    10.6884 [0.000]    11.0325 [0.000]
[kpt   4  10   5]    11.0327 [0.000]    11.0327 [0.000]    11.0330 [0.000]    12.1247 [0.000]    12.1248 [0.000]
[kpt   4  10   6]    12.1249 [0.000]    12.1253 [0.000]    12.2443 [0.000]    15.6137 [0.000]    15.6142 [0.000]





KOHN SHAM EIGENVALUES [eV] AT K-POINT [  5]:       0.500000      0.500000      0.500000

[kpt   5  10   0]    -3.8605 [2.000]    -3.8605 [2.000]    -3.8605 [2.000]    -3.8603 [2.000]    -1.2125 [2.000]
[kpt   5  10   1]    -1.2125 [2.000]    -1.2125 [2.000]    -1.2125 [2.000]     4.6645 [2.000]     4.6645 [2.000]
[kpt   5  10   2]     4.6645 [2.000]     4.6645 [2.000]     4.6645 [2.000]     4.6645 [2.000]     4.6645 [2.000]
[kpt   5  10   3]     4.6645 [2.000]     7.4699 [0.000]     7.4702 [0.000]     7.4702 [0.000]     7.4702 [0.000]
[kpt   5  10   4]     9.1660 [0.000]     9.1660 [0.000]     9.1660 [0.000]     9.1660 [0.000]     9.1660 [0.000]
[kpt   5  10   5]     9.1660 [0.000]     9.1660 [0.000]     9.1660 [0.000]    13.6067 [0.000]    13.6111 [0.000]
[kpt   5  10   6]    17.3266 [0.000]    18.7245 [0.000]    18.9861 [0.000]    19.0814 [0.000]    19.1803 [0.000]



spinup:  valence band maximum = 5.880582 eV, conduction band minumm = 6.500061 eV
spinup:  Band gap = 0.619478 eV

Total charge in supercell =      32.00004462

SUM FORCE =    -0.000000286898      0.000000000000      0.000000000000
 volume and energy per atom =        19.54144819       -107.21828109 eV
WriteRestart: Restart file Waves/wave.out opened...
WriteData: total size of each of the 16 files = 1.4 Mb
WriteData: writing took 0.0 seconds, writing speed 62.958 Mbps 
WriteRestart: writing took 0.0 seconds 



  IONIC POSITIONS [a0] AND FORCES [Ha/a0]
  Charge analysis using: Voronoi Deformation Density

@ION  Ion  Species       X           Y           Z       Charge  Mag       FX          FY         FZ      Movable
@ION    1    Si      0.0000000   0.0000000   0.0000000    0.006  0.000   0.0000001   0.0000001  -0.0000000  1 1 1
@ION    2    Si      5.0900000   5.0900000   0.0000000   -0.001  0.000  -0.0000001   0.0000000   0.0000001  1 1 1
@ION    3    Si      0.0000000   5.0900000   5.0900000   -0.003  0.000   0.0000002  -0.0000001   0.0000000  1 1 1
@ION    4    Si      5.0900000   0.0000000   5.0900000   -0.005  0.000  -0.0000002  -0.0000000  -0.0000001  1 1 1
@ION    5    Si      2.5450000   2.5450000   2.5450000    0.004  0.000   0.0000000   0.0000000   0.0000001  1 1 1
@ION    6    Si      7.6350000   7.6350000   2.5450000    0.001  0.000  -0.0000001   0.0000001  -0.0000000  1 1 1
@ION    7    Si      2.5450000   7.6350000   7.6350000   -0.001  0.000   0.0000001  -0.0000000  -0.0000001  1 1 1
@ION    8    Si      7.6350000   2.5450000   7.6350000   -0.002  0.000   0.0000000  -0.0000001   0.0000000  1 1 1

 mean FX      =   0.00000011 Ha/a0
 mean FY      =   0.00000006 Ha/a0
 mean FZ      =   0.00000006 Ha/a0

 max FX       =   0.00000023 Ha/a0   (ion 3)
 max FY       =   0.00000015 Ha/a0   (ion 6)
 max FZ       =   0.00000015 Ha/a0   (ion 2)
 max F[x,y,z] =   0.00000023 Ha/a0
 max |F|      =   0.00000026 Ha/a0   (ion 4)

WriteRestart: Restart file Waves/wave.out opened...
WriteData: total size of each of the 16 files = 1.4 Mb
WriteData: writing took 0.0 seconds, writing speed 64.435 Mbps 
WriteRestart: writing took 0.0 seconds 

  x dipolll  6.660964 
  y dipolll  6.660965 
  z dipolll  6.660965 
step:     0  iteration: 0  thrs=  1.00000e-07 err=   4.26053e-04 at element:   207 
step:     0  iteration: 1  thrs=  1.00000e-07 err=   2.31238e-06 at element:   110 
step:     0  iteration: 2  thrs=  1.00000e-07 err=   1.20768e-09 at element:   110 
step:     1  iteration: 0  thrs=  1.00000e-07 err=   4.26056e-04 at element:   207 
step:     1  iteration: 1  thrs=  1.00000e-07 err=   2.31239e-06 at element:   110 
step:     1  iteration: 2  thrs=  1.00000e-07 err=   1.20768e-09 at element:   110 
step:     2  iteration: 0  thrs=  1.00000e-07 err=   1.51327e-08 at element:   110 
step:     3  iteration: 0  thrs=  1.00000e-07 err=   1.48294e-08 at element:   110 
step:     4  iteration: 0  thrs=  1.00000e-07 err=   1.43680e-08 at element:   110 
step:     5  iteration: 0  thrs=  1.00000e-07 err=   1.37613e-08 at element:   110 
step:     6  iteration: 0  thrs=  1.00000e-07 err=   1.30165e-08 at element:   110 
step:     7  iteration: 0  thrs=  1.00000e-07 err=   1.21425e-08 at element:   110 
step:     8  iteration: 0  thrs=  1.00000e-07 err=   1.11495e-08 at element:   110 
step:     9  iteration: 0  thrs=  1.00000e-07 err=   1.00493e-08 at element:   110 


--------TIMING INFORMATION FOR Processor owned the most atoms----------------
                                        Total time               Per SCF/step

1-TOTAL                                            12.56                1.26
-----------------------------------------------------------------------------
  1-TOTAL: Init                                     8.53                0.85
  1-TOTAL: run                                      4.03                0.40
  ---------------------------------------------------------------------------
    1-TOTAL: run: Force                             0.02                0.00
    1-TOTAL: run: Scf steps                         3.12                0.31

2-Force                                             0.02                0.00
-----------------------------------------------------------------------------
  2-Force: core correction                          0.00                0.00
  2-Force: corrections                              0.00                0.00
  2-Force: ion-ion                                  0.00                0.00
  2-Force: local                                    0.00                0.00
  2-Force: non-local                                0.02                0.00
  2-Force: non-local-betaxpsi                       0.00                0.00
  2-Force: non-local-get gamma                      0.00                0.00
  2-Force: non-local-nlforce_par_Q                  0.00                0.00
  2-Force: non-local-nlforce_par_gamma              0.00                0.00
  2-Force: non-local-nlforce_par_omega              0.00                0.00
  2-Force: non-local-partial gamma                  0.00                0.00
  2-Force: non-local-veff grad                      0.00                0.00
  2-Force: symmetrization                           0.00                0.00

2-Init                                              8.53                0.85
-----------------------------------------------------------------------------
  2-Init: KpointClass                               3.17                0.32
  2-Init: LcaoGetPsi                                4.54                0.45
  2-Init: LcaoGetRho                                0.01                0.00
  2-Init: ReinitIonicPotentials                     0.35                0.04
  2-Init: betaxpsi                                  0.03                0.00
  2-Init: exchange/correlation                      0.00                0.00
  2-Init: hartree                                   0.00                0.00
  2-Init: normalization                             0.00                0.00
  2-Init: radial potentials                         0.10                0.01
  2-Init: subdiag                                   0.14                0.01
  2-Init: weights                                   0.01                0.00

2-Scf steps                                         3.12                0.31
-----------------------------------------------------------------------------
  2-Scf steps: GetNewRho                            0.14                0.01
  2-Scf steps: Hartree                              0.02                0.00
  2-Scf steps: MgridSubspace                        2.83                0.28
  2-Scf steps: MixRho                               0.01                0.00
  2-Scf steps: exchange/correlation                 0.01                0.00

2-TDDFT                                             0.23                0.02
-----------------------------------------------------------------------------
  2-TDDFT: ELDYN                                    0.06                0.01
  2-TDDFT: Hupdate                                  0.02                0.00
  2-TDDFT: Rho                                      0.02                0.00
  2-TDDFT: Vh                                       0.01                0.00
  2-TDDFT: Write                                    0.02                0.00
  2-TDDFT: conv check                               0.00                0.00
  2-TDDFT: current and dipole                       0.00                0.00
  2-TDDFT: exchange/correlation                     0.02                0.00
  2-TDDFT: extrapolate                              0.01                0.00
  2-TDDFT: memcpy                                   0.01                0.00

3-MgridSubspace                                     2.39                0.24
-----------------------------------------------------------------------------
  3-MgridSubspace: AppNls                           0.12                0.01
  3-MgridSubspace: Beta x psi                       0.07                0.01
  3-MgridSubspace: Diagonalization                  0.43                0.04
  3-MgridSubspace: Mg_eig                           2.08                0.21
  3-MgridSubspace: ortho                            0.12                0.01

3-ReinitIonicPotentials                             0.35                0.04
-----------------------------------------------------------------------------
  3-ReinitIonicPotentials: GetNlop                  0.01                0.00
  3-ReinitIonicPotentials: GetWeight                0.34                0.03
  3-ReinitIonicPotentials: get_QI                   0.00                0.00
  3-ReinitIonicPotentials: get_qqq                  0.00                0.00
  3-ReinitIonicPotentials: init_nuc                 0.01                0.00

4-Diagonalization                                   0.56                0.06
-----------------------------------------------------------------------------
  4-Diagonalization: ELPA/PDSYGVX/PZHEGVX           0.19                0.02
  4-Diagonalization: Hpsi                           0.26                0.03
  4-Diagonalization: MPI_Bcast                      0.00                0.00
  4-Diagonalization: Update orbitals                0.04                0.00
  ---------------------------------------------------------------------------
    4-Diagonalization: Update orbitals: gather           0.01                0.00
    4-Diagonalization: Update orbitals: gemm           0.02                0.00
  4-Diagonalization: matrix                         0.08                0.01
  ---------------------------------------------------------------------------
    4-Diagonalization: matrix: Allreduce            0.02                0.00
    4-Diagonalization: matrix: Gemm                 0.06                0.01

4-Hcore                                             0.01                0.00
-----------------------------------------------------------------------------
  4-Hcore: AppNls                                   0.00                0.00
  4-Hcore: apply operators                          0.01                0.00

5-Functional                                        0.04                0.00
-----------------------------------------------------------------------------
  5-Functional: apply gradient                      0.00                0.00
  5-Functional: apply laplacian                     0.00                0.00
  5-Functional: vxc                                 0.04                0.00
  5-Functional: vxc grad                            0.02                0.00
  5-Functional: vxc local                           0.00                0.00
  5-Functional: vxc nonlocal                        0.00                0.00

AppNls                                              0.28                0.03
-----------------------------------------------------------------------------
  AppNls: data_rearrange                            0.13                0.01
  ---------------------------------------------------------------------------
    AppNls: data_rearrange: alloc and zeros           0.12                0.01
    AppNls: data_rearrange: dnm                     0.00                0.00
    AppNls: data_rearrange: sint                    0.00                0.00
  AppNls: nv                                        0.09                0.01
  AppNls: nv_work                                   0.00                0.00

App_gradient                                        0.02                0.00

GlobalSums                                          0.08                0.01

Init                                                5.36                0.54

Init Voronoi                                        0.00                0.00
-----------------------------------------------------------------------------
  MgridOrtho: 2nd stage overlaps                    0.02                0.00
  MgridOrtho: 2nd stage update                      0.02                0.00
  MgridOrtho: allreduce                             0.01                0.00
  MgridOrtho: cholesky                              0.02                0.00
  MgridOrtho: inverse                               0.03                0.00

Mix rho                                             0.01                0.00
-----------------------------------------------------------------------------
  Mix rho: Broyden                                  0.01                0.00

Orbital                                             0.00                0.00
-----------------------------------------------------------------------------
  Orbital: phase and set                            0.00                0.00
  Orbital: proj cal                                 0.00                0.00
  Orbital: r_orbital cal                            0.00                0.00

Prolong tradeimages                                 0.01                0.00
-----------------------------------------------------------------------------
    TDDFT: rho: interp                              0.01                0.00

VhPfft                                              0.02                0.00

Weight                                              0.00                0.00

radial beta                                         0.07                0.01


------------------------- TIMING INFORMATION FOR THREADS  -------------------

                                           Min            Max            Avg
2-Prolong gpu                0.08           0.08           0.08
-----------------------------------------------------------------------------

GlobalSums                   0.40           0.46           0.42
-----------------------------------------------------------------------------
